[cat cat dog]

 -> maps via WordCountMapper to -> 

(cat, 1)
(cat, 1)
(dog, 1)
